print-type-size type: `{async fn body of test()}`: 4100 bytes, alignment: 1 bytes
print-type-size     discriminant: 1 bytes
print-type-size     variant `Unresumed`: 0 bytes
print-type-size     variant `Suspend0`: 4099 bytes
print-type-size         local `.__awaitee`: 4099 bytes, type: {async fn body of a<[u8; 1024]>()}
print-type-size     variant `Returned`: 0 bytes
print-type-size     variant `Panicked`: 0 bytes
print-type-size type: `std::mem::ManuallyDrop<{async fn body of a<[u8; 1024]>()}>`: 4099 bytes, alignment: 1 bytes
print-type-size     field `.value`: 4099 bytes
print-type-size type: `std::mem::MaybeUninit<{async fn body of a<[u8; 1024]>()}>`: 4099 bytes, alignment: 1 bytes
print-type-size     variant `MaybeUninit`: 4099 bytes
print-type-size         field `.uninit`: 0 bytes
print-type-size         field `.value`: 4099 bytes
print-type-size type: `{async fn body of a<[u8; 1024]>()}`: 4099 bytes, alignment: 1 bytes
print-type-size     discriminant: 1 bytes
print-type-size     variant `Unresumed`: 1024 bytes
print-type-size         local `.t`: 1024 bytes
print-type-size         upvar `.t`: 1024 bytes, offset: 1 bytes, alignment: 1 bytes
print-type-size     variant `Suspend0`: 4098 bytes
print-type-size         padding: 1024 bytes
print-type-size         local `.__awaitee`: 3074 bytes, alignment: 1 bytes, type: {async fn body of b<[u8; 1024]>()}
print-type-size     variant `Returned`: 1024 bytes
print-type-size     variant `Panicked`: 1024 bytes
print-type-size type: `std::mem::ManuallyDrop<{async fn body of b<[u8; 1024]>()}>`: 3074 bytes, alignment: 1 bytes
print-type-size     field `.value`: 3074 bytes
print-type-size type: `std::mem::MaybeUninit<{async fn body of b<[u8; 1024]>()}>`: 3074 bytes, alignment: 1 bytes
print-type-size     variant `MaybeUninit`: 3074 bytes
print-type-size         field `.uninit`: 0 bytes
print-type-size         field `.value`: 3074 bytes
print-type-size type: `{async fn body of b<[u8; 1024]>()}`: 3074 bytes, alignment: 1 bytes
print-type-size     discriminant: 1 bytes
print-type-size     variant `Unresumed`: 1024 bytes
print-type-size         local `.t`: 1024 bytes
print-type-size         upvar `.t`: 1024 bytes, offset: 1 bytes, alignment: 1 bytes
print-type-size     variant `Suspend0`: 3073 bytes
print-type-size         padding: 1024 bytes
print-type-size         local `.__awaitee`: 2049 bytes, alignment: 1 bytes, type: {async fn body of c<[u8; 1024]>()}
print-type-size     variant `Returned`: 1024 bytes
print-type-size     variant `Panicked`: 1024 bytes
print-type-size type: `std::mem::ManuallyDrop<{async fn body of c<[u8; 1024]>()}>`: 2049 bytes, alignment: 1 bytes
print-type-size     field `.value`: 2049 bytes
print-type-size type: `std::mem::MaybeUninit<{async fn body of c<[u8; 1024]>()}>`: 2049 bytes, alignment: 1 bytes
print-type-size     variant `MaybeUninit`: 2049 bytes
print-type-size         field `.uninit`: 0 bytes
print-type-size         field `.value`: 2049 bytes
print-type-size type: `{async fn body of c<[u8; 1024]>()}`: 2049 bytes, alignment: 1 bytes
print-type-size     discriminant: 1 bytes
print-type-size     variant `Unresumed`: 1024 bytes
print-type-size         local `.t`: 1024 bytes
print-type-size         upvar `.t`: 1024 bytes, offset: 1 bytes, alignment: 1 bytes
print-type-size     variant `Returned`: 1024 bytes
print-type-size     variant `Panicked`: 1024 bytes
print-type-size     end padding: 1024 bytes
print-type-size type: `std::task::Poll<[u8; 1024]>`: 1025 bytes, alignment: 1 bytes
print-type-size     discriminant: 1 bytes
print-type-size     variant `Ready`: 1024 bytes
print-type-size         field `.0`: 1024 bytes
print-type-size     variant `Pending`: 0 bytes
print-type-size type: `std::mem::ManuallyDrop<[u8; 1024]>`: 1024 bytes, alignment: 1 bytes
print-type-size     field `.value`: 1024 bytes
print-type-size type: `std::mem::MaybeUninit<[u8; 1024]>`: 1024 bytes, alignment: 1 bytes
print-type-size     variant `MaybeUninit`: 1024 bytes
print-type-size         field `.uninit`: 0 bytes
print-type-size         field `.value`: 1024 bytes
