error[E0716]: temporary value dropped while borrowed
  --> $DIR/issue-57265-return-type-wf-check.rs:20:23
   |
LL |     let (_, z) = foo(&"hello".to_string());
   |                  -----^^^^^^^^^^^^^^^^^^^-
   |                  |    |
   |                  |    creates a temporary value which is freed while still in use
   |                  argument requires that borrow lasts for `'static`
...
LL | }
   | - temporary value is freed at the end of this statement

error: aborting due to previous error

For more information about this error, try `rustc --explain E0716`.
