error: This expression generates a value with a significant drop implementation. Consider reviewing the drop implementations.
  --> tests/ui/tail_expr_drop_order.rs:23:5
   |
LL |     LoudDropper.get()
   |     ^^^^^^^^^^^
   |
help: One or more locals with a significant drop implementation will observe a visible change in drop order.
  --> tests/ui/tail_expr_drop_order.rs:19:9
   |
LL |     let x = LoudDropper;
   |         ^
   = note: `-D clippy::tail-expr-drop-order` implied by `-D warnings`
   = help: to override `-D warnings` add `#[allow(clippy::tail_expr_drop_order)]`

error: aborting due to 1 previous error

